
# 大容量磁盘管理注意事项

- MBR只支持处理不大于2 TiB的容量，且只支持划分4个主区
- 如果需要使用大于2 TiB的数据盘，则必须采用GPT格式

## 安装parted

sudo yum install -y parted

## 列出所有磁盘、分区

sudo parted -l

## 打开磁盘设备开始分区

parted /dev/vdb

## 查看分区表

print

## 设置为GPT分区格式

mklabel gpt

## 划分一个主分区，并设置分区的开始位置和结束位置

mkpart primary 1 100%

## 检查分区是否对齐

align-check optimal 1

- 如正常，显示1 aligned

## 退出parted

quit

## 创建xfs文件系统

`mkfs -t xfs /dev/vdb1`

## 操作案例

```bash
# parted /dev/sdb
GNU Parted 3.1
Using /dev/sdb
Welcome to GNU Parted! Type 'help' to view a list of commands.
(parted) mklabel GPT
(parted) print
Model: VMware, VMware Virtual S (scsi)
Disk /dev/sdb: 21.5GB
Sector size (logical/physical): 512B/512B
Partition Table: gpt
Disk Flags: 

Number  Start  End  Size  File system  Name  Flags

(parted) mkpart primary 1 50%
(parted) print
Model: VMware, VMware Virtual S (scsi)
Disk /dev/sdb: 21.5GB
Sector size (logical/physical): 512B/512B
Partition Table: gpt
Disk Flags: 

Number  Start   End     Size    File system  Name     Flags
 1      1049kB  10.7GB  10.7GB               primary

(parted) mkpart second 50% 70%
(parted) print
Model: VMware, VMware Virtual S (scsi)
Disk /dev/sdb: 21.5GB
Sector size (logical/physical): 512B/512B
Partition Table: gpt
Disk Flags: 

Number  Start   End     Size    File system  Name     Flags
 1      1049kB  10.7GB  10.7GB               primary
 2      10.7GB  15.0GB  4295MB               second

(parted) mkpart third 15.0GB 100%
(parted) print
Model: VMware, VMware Virtual S (scsi)
Disk /dev/sdb: 21.5GB
Sector size (logical/physical): 512B/512B
Partition Table: gpt
Disk Flags: 

Number  Start   End     Size    File system  Name     Flags
 1      1049kB  10.7GB  10.7GB               primary
 2      10.7GB  15.0GB  4295MB               second
 3      15.0GB  21.5GB  6441MB               third
```
